<?xml version="1.0" encoding="utf-8"?><testsuites name="pytest tests"><testsuite name="pytest" errors="0" failures="0" skipped="0" tests="8" time="2.884" timestamp="2026-01-20T14:59:43.918070+09:00" hostname="smart7"><testcase classname="tests.ops_ci_api.test_ops_ci_ask_api.TestCiAsk" name="test_a_lookup_server_status" time="0.279" /><testcase classname="tests.ops_ci_api.test_ops_ci_ask_api.TestCiAsk" name="test_b_metric_cpu_usage" time="0.716" /><testcase classname="tests.ops_ci_api.test_ops_ci_ask_api.TestCiAsk" name="test_c_history_events" time="0.238" /><testcase classname="tests.ops_ci_api.test_ops_ci_ask_api.TestCiAsk" name="test_d_list_servers_by_location" time="0.429" /><testcase classname="tests.ops_ci_api.test_ops_ci_ask_api.TestCiAsk" name="test_e_multi_step_app_history" time="0.209" /><testcase classname="tests.ops_ci_api.test_ops_ci_ask_api.TestCiAsk" name="test_f_no_data_guidance" time="0.229" /><testcase classname="tests.ops_ci_api.test_ops_ci_ask_api.TestCiAsk" name="test_g_ambiguous_integration_query" time="0.370" /><testcase classname="tests.ops_ci_api.test_ops_ci_ask_api.TestCiAsk" name="test_h_policy_depth_clamp" time="0.379" /></testsuite></testsuites>